nohup: ignoring input
Loading processor...
/data/lmerta/venvs/myenv/lib/python3.9/site-packages/transformers/tokenization_utils_base.py:1601: FutureWarning: `clean_up_tokenization_spaces` was not set. It will be set to `True` by default. This behavior will be depracted in transformers v4.45, and will be then set to `False` by default. For more details check this issue: https://github.com/huggingface/transformers/issues/31884
  warnings.warn(
Loading datasets...
  Train: 152816 | Val: 19402
Starting training...
Training for: method=downscale | intensity=25 
{'loss': 0.5503, 'grad_norm': 8.181629180908203, 'learning_rate': 9.600000000000001e-06, 'epoch': 1.0}
{'eval_loss': 0.7727121114730835, 'eval_cer': 0.12431858721805765, 'eval_runtime': 2170.3771, 'eval_samples_per_second': 8.939, 'eval_steps_per_second': 2.235, 'epoch': 1.0}
{'loss': 0.4088, 'grad_norm': 10.49502944946289, 'learning_rate': 9.200000000000002e-06, 'epoch': 2.0}
{'eval_loss': 0.7327041029930115, 'eval_cer': 0.11838661458014971, 'eval_runtime': 2121.5801, 'eval_samples_per_second': 9.145, 'eval_steps_per_second': 2.287, 'epoch': 2.0}
{'loss': 0.3311, 'grad_norm': 4.734992504119873, 'learning_rate': 8.8e-06, 'epoch': 3.0}
{'eval_loss': 0.6802914142608643, 'eval_cer': 0.10345943753229939, 'eval_runtime': 2112.3056, 'eval_samples_per_second': 9.185, 'eval_steps_per_second': 2.297, 'epoch': 3.0}
{'loss': 0.2737, 'grad_norm': 6.865663528442383, 'learning_rate': 8.400000000000001e-06, 'epoch': 4.0}
{'eval_loss': 0.7025947570800781, 'eval_cer': 0.10163677989741994, 'eval_runtime': 2123.8179, 'eval_samples_per_second': 9.135, 'eval_steps_per_second': 2.284, 'epoch': 4.0}
{'loss': 0.2272, 'grad_norm': 7.497243881225586, 'learning_rate': 8.000000000000001e-06, 'epoch': 5.0}
{'eval_loss': 0.6931650638580322, 'eval_cer': 0.09926954772528992, 'eval_runtime': 2123.0333, 'eval_samples_per_second': 9.139, 'eval_steps_per_second': 2.285, 'epoch': 5.0}
{'loss': 0.1895, 'grad_norm': 4.5257697105407715, 'learning_rate': 7.600000000000001e-06, 'epoch': 6.0}
{'eval_loss': 0.7158460021018982, 'eval_cer': 0.09734825541657173, 'eval_runtime': 2140.9868, 'eval_samples_per_second': 9.062, 'eval_steps_per_second': 2.266, 'epoch': 6.0}
{'loss': 0.1562, 'grad_norm': 7.030331611633301, 'learning_rate': 7.2000000000000005e-06, 'epoch': 7.0}
{'eval_loss': 0.7182861566543579, 'eval_cer': 0.09655917802586174, 'eval_runtime': 2154.1066, 'eval_samples_per_second': 9.007, 'eval_steps_per_second': 2.252, 'epoch': 7.0}
{'loss': 0.1287, 'grad_norm': 7.336297035217285, 'learning_rate': 6.800000000000001e-06, 'epoch': 8.0}
{'eval_loss': 0.7676481008529663, 'eval_cer': 0.09822346449429586, 'eval_runtime': 2132.8298, 'eval_samples_per_second': 9.097, 'eval_steps_per_second': 2.274, 'epoch': 8.0}
{'loss': 0.1054, 'grad_norm': 7.983376502990723, 'learning_rate': 6.4000000000000006e-06, 'epoch': 9.0}
{'eval_loss': 0.7740105390548706, 'eval_cer': 0.09574509466150247, 'eval_runtime': 2140.371, 'eval_samples_per_second': 9.065, 'eval_steps_per_second': 2.266, 'epoch': 9.0}
{'loss': 0.0872, 'grad_norm': 6.815636157989502, 'learning_rate': 6e-06, 'epoch': 10.0}
{'eval_loss': 0.8106324672698975, 'eval_cer': 0.0969064832154348, 'eval_runtime': 2163.5472, 'eval_samples_per_second': 8.968, 'eval_steps_per_second': 2.242, 'epoch': 10.0}
{'loss': 0.0706, 'grad_norm': 3.377068519592285, 'learning_rate': 5.600000000000001e-06, 'epoch': 11.0}
{'eval_loss': 0.8510045409202576, 'eval_cer': 0.09472818506643253, 'eval_runtime': 2128.6687, 'eval_samples_per_second': 9.115, 'eval_steps_per_second': 2.279, 'epoch': 11.0}
{'loss': 0.0578, 'grad_norm': 2.1681084632873535, 'learning_rate': 5.2e-06, 'epoch': 12.0}
{'eval_loss': 0.8584123253822327, 'eval_cer': 0.0932986769061498, 'eval_runtime': 2143.6025, 'eval_samples_per_second': 9.051, 'eval_steps_per_second': 2.263, 'epoch': 12.0}
{'loss': 0.047, 'grad_norm': 17.327857971191406, 'learning_rate': 4.800000000000001e-06, 'epoch': 13.0}
{'eval_loss': 0.8900431990623474, 'eval_cer': 0.09309168301316426, 'eval_runtime': 2132.5691, 'eval_samples_per_second': 9.098, 'eval_steps_per_second': 2.275, 'epoch': 13.0}
{'loss': 0.0379, 'grad_norm': 1.9898492097854614, 'learning_rate': 4.4e-06, 'epoch': 14.0}
{'eval_loss': 0.9277783632278442, 'eval_cer': 0.09224425835060598, 'eval_runtime': 2121.5209, 'eval_samples_per_second': 9.145, 'eval_steps_per_second': 2.287, 'epoch': 14.0}
{'loss': 0.0308, 'grad_norm': 0.919746994972229, 'learning_rate': 4.000000000000001e-06, 'epoch': 15.0}
{'eval_loss': 0.948894739151001, 'eval_cer': 0.09160799524330812, 'eval_runtime': 2119.495, 'eval_samples_per_second': 9.154, 'eval_steps_per_second': 2.289, 'epoch': 15.0}
{'loss': 0.0247, 'grad_norm': 0.09618095308542252, 'learning_rate': 3.6000000000000003e-06, 'epoch': 16.0}
{'eval_loss': 0.9772944450378418, 'eval_cer': 0.09196224653667265, 'eval_runtime': 2135.5292, 'eval_samples_per_second': 9.085, 'eval_steps_per_second': 2.272, 'epoch': 16.0}
{'loss': 0.0201, 'grad_norm': 0.25109270215034485, 'learning_rate': 3.2000000000000003e-06, 'epoch': 17.0}
{'eval_loss': 0.9909973740577698, 'eval_cer': 0.090518846168807, 'eval_runtime': 2127.0987, 'eval_samples_per_second': 9.121, 'eval_steps_per_second': 2.281, 'epoch': 17.0}
{'loss': 0.0159, 'grad_norm': 0.03243670612573624, 'learning_rate': 2.8000000000000003e-06, 'epoch': 18.0}
{'eval_loss': 1.002992033958435, 'eval_cer': 0.09002011591658007, 'eval_runtime': 2122.7873, 'eval_samples_per_second': 9.14, 'eval_steps_per_second': 2.285, 'epoch': 18.0}
{'loss': 0.0126, 'grad_norm': 2.4221906661987305, 'learning_rate': 2.4000000000000003e-06, 'epoch': 19.0}
{'eval_loss': 1.0272986888885498, 'eval_cer': 0.08891151775146285, 'eval_runtime': 2115.5359, 'eval_samples_per_second': 9.171, 'eval_steps_per_second': 2.293, 'epoch': 19.0}
{'loss': 0.0099, 'grad_norm': 5.872516632080078, 'learning_rate': 2.0000000000000003e-06, 'epoch': 20.0}
{'eval_loss': 1.0480161905288696, 'eval_cer': 0.08939357735459026, 'eval_runtime': 2118.5565, 'eval_samples_per_second': 9.158, 'eval_steps_per_second': 2.29, 'epoch': 20.0}
Traceback (most recent call last):
  File "/home/lmerta/trocr-degradation-thesis/scripts/training/catmus_finetuning.py", line 173, in <module>
    trainer.train()
  File "/data/lmerta/venvs/myenv/lib/python3.9/site-packages/transformers/trainer.py", line 1948, in train
    return inner_training_loop(
  File "/data/lmerta/venvs/myenv/lib/python3.9/site-packages/transformers/trainer.py", line 2289, in _inner_training_loop
    tr_loss_step = self.training_step(model, inputs)
  File "/data/lmerta/venvs/myenv/lib/python3.9/site-packages/transformers/trainer.py", line 3359, in training_step
    self.accelerator.backward(loss, **kwargs)
  File "/data/lmerta/venvs/myenv/lib/python3.9/site-packages/accelerate/accelerator.py", line 2734, in backward
    loss.backward(**kwargs)
  File "/data/lmerta/venvs/myenv/lib/python3.9/site-packages/torch/_tensor.py", line 647, in backward
    torch.autograd.backward(
  File "/data/lmerta/venvs/myenv/lib/python3.9/site-packages/torch/autograd/__init__.py", line 354, in backward
    _engine_run_backward(
  File "/data/lmerta/venvs/myenv/lib/python3.9/site-packages/torch/autograd/graph.py", line 829, in _engine_run_backward
    return Variable._execution_engine.run_backward(  # Calls into the C++ engine to run the backward pass
torch.AcceleratorError: CUDA error: unspecified launch failure
CUDA kernel errors might be asynchronously reported at some other API call, so the stacktrace below might be incorrect.
For debugging consider passing CUDA_LAUNCH_BLOCKING=1
Compile with `TORCH_USE_CUDA_DSA` to enable device-side assertions.

