nohup: ignoring input
Loading processor...
/data/lmerta/venvs/myenv/lib/python3.9/site-packages/transformers/tokenization_utils_base.py:1601: FutureWarning: `clean_up_tokenization_spaces` was not set. It will be set to `True` by default. This behavior will be depracted in transformers v4.45, and will be then set to `False` by default. For more details check this issue: https://github.com/huggingface/transformers/issues/31884
  warnings.warn(
Loading datasets...
  Train: 152816 | Val: 19402
Starting training...
Training for: method=jpeg_compression | intensity=1 
There were missing keys in the checkpoint model loaded: ['decoder.output_projection.weight'].
/data/lmerta/venvs/myenv/lib/python3.9/site-packages/transformers/trainer.py:3108: UserWarning: Environment variable TORCH_FORCE_NO_WEIGHTS_ONLY_LOAD detected, since the`weights_only` argument was not explicitly passed to `torch.load`, forcing weights_only=False.
  torch.load(os.path.join(checkpoint, OPTIMIZER_NAME), map_location=map_location)
/data/lmerta/venvs/myenv/lib/python3.9/site-packages/transformers/trainer.py:2843: UserWarning: Environment variable TORCH_FORCE_NO_WEIGHTS_ONLY_LOAD detected, since the`weights_only` argument was not explicitly passed to `torch.load`, forcing weights_only=False.
  checkpoint_rng_state = torch.load(rng_file)
{'loss': 0.0271, 'grad_norm': 0.19234147667884827, 'learning_rate': 3.2000000000000003e-06, 'epoch': 17.0}
{'eval_loss': 1.484369158744812, 'eval_cer': 0.1689236873253055, 'eval_runtime': 3323.3275, 'eval_samples_per_second': 5.838, 'eval_steps_per_second': 1.46, 'epoch': 17.0}
{'loss': 0.0215, 'grad_norm': 0.05350516363978386, 'learning_rate': 2.8000000000000003e-06, 'epoch': 18.0}
{'eval_loss': 1.5334064960479736, 'eval_cer': 0.17025595003250776, 'eval_runtime': 3269.9815, 'eval_samples_per_second': 5.933, 'eval_steps_per_second': 1.483, 'epoch': 18.0}
{'loss': 0.017, 'grad_norm': 0.7008227705955505, 'learning_rate': 2.4000000000000003e-06, 'epoch': 19.0}
{'eval_loss': 1.550286889076233, 'eval_cer': 0.16828742421800763, 'eval_runtime': 3297.6438, 'eval_samples_per_second': 5.884, 'eval_steps_per_second': 1.471, 'epoch': 19.0}
{'loss': 0.0134, 'grad_norm': 5.42586088180542, 'learning_rate': 2.0000000000000003e-06, 'epoch': 20.0}
{'eval_loss': 1.5608761310577393, 'eval_cer': 0.16828603499724934, 'eval_runtime': 3276.9834, 'eval_samples_per_second': 5.921, 'eval_steps_per_second': 1.48, 'epoch': 20.0}
{'loss': 0.0103, 'grad_norm': 12.633223533630371, 'learning_rate': 1.6000000000000001e-06, 'epoch': 21.0}
{'eval_loss': 1.5748196840286255, 'eval_cer': 0.1676817239673922, 'eval_runtime': 3315.4649, 'eval_samples_per_second': 5.852, 'eval_steps_per_second': 1.463, 'epoch': 21.0}
{'loss': 0.0081, 'grad_norm': 0.3198205530643463, 'learning_rate': 1.2000000000000002e-06, 'epoch': 22.0}
{'eval_loss': 1.5981786251068115, 'eval_cer': 0.16627722178075874, 'eval_runtime': 3294.0821, 'eval_samples_per_second': 5.89, 'eval_steps_per_second': 1.473, 'epoch': 22.0}
{'loss': 0.0062, 'grad_norm': 0.8540460467338562, 'learning_rate': 8.000000000000001e-07, 'epoch': 23.0}
{'eval_loss': 1.6110974550247192, 'eval_cer': 0.16645643125857842, 'eval_runtime': 3298.5621, 'eval_samples_per_second': 5.882, 'eval_steps_per_second': 1.471, 'epoch': 23.0}
{'loss': 0.0049, 'grad_norm': 0.015317331068217754, 'learning_rate': 4.0000000000000003e-07, 'epoch': 24.0}
{'eval_loss': 1.6163264513015747, 'eval_cer': 0.16555760542796336, 'eval_runtime': 3304.3554, 'eval_samples_per_second': 5.872, 'eval_steps_per_second': 1.468, 'epoch': 24.0}
{'loss': 0.0039, 'grad_norm': 0.02983369305729866, 'learning_rate': 0.0, 'epoch': 25.0}
{'eval_loss': 1.630144476890564, 'eval_cer': 0.16536589296331902, 'eval_runtime': 3289.5345, 'eval_samples_per_second': 5.898, 'eval_steps_per_second': 1.475, 'epoch': 25.0}
There were missing keys in the checkpoint model loaded: ['decoder.output_projection.weight'].
{'train_runtime': 133784.2147, 'train_samples_per_second': 28.556, 'train_steps_per_second': 7.139, 'train_loss': 0.004494473059231568, 'epoch': 25.0}
Best val CER for jpeg_compression_1: 0.1654
Finished Training for all degradation methods.
