nohup: ignoring input
Loading processor...
/data/lmerta/venvs/myenv/lib/python3.9/site-packages/transformers/tokenization_utils_base.py:1601: FutureWarning: `clean_up_tokenization_spaces` was not set. It will be set to `True` by default. This behavior will be depracted in transformers v4.45, and will be then set to `False` by default. For more details check this issue: https://github.com/huggingface/transformers/issues/31884
  warnings.warn(
Training for: method=downscale | intensity=25 
Loading datasets...
  Train: 10188 | Val: 1138
Preprocessing datasets...
{'eval_loss': 0.7771648168563843, 'eval_model_preparation_time': 0.0046, 'eval_cer': 0.14870179420454324, 'eval_runtime': 160.3, 'eval_samples_per_second': 7.099, 'eval_steps_per_second': 0.449}
{'eval_loss': 0.7771648168563843, 'eval_model_preparation_time': 0.0046, 'eval_cer': 0.14870179420454324, 'eval_runtime': 160.3, 'eval_samples_per_second': 7.099, 'eval_steps_per_second': 0.449}
{'loss': 0.4002, 'grad_norm': 21.232759475708008, 'learning_rate': 9.60313971742543e-07, 'epoch': 1.0}
{'eval_loss': 0.474822461605072, 'eval_model_preparation_time': 0.0046, 'eval_cer': 0.08202077911913754, 'eval_runtime': 144.3726, 'eval_samples_per_second': 7.882, 'eval_steps_per_second': 0.499, 'epoch': 1.0}
{'loss': 0.3163, 'grad_norm': 17.856760025024414, 'learning_rate': 9.203139717425431e-07, 'epoch': 2.0}
{'eval_loss': 0.4445131719112396, 'eval_model_preparation_time': 0.0046, 'eval_cer': 0.07664012209199945, 'eval_runtime': 146.8204, 'eval_samples_per_second': 7.751, 'eval_steps_per_second': 0.49, 'epoch': 2.0}
{'loss': 0.273, 'grad_norm': 14.048521995544434, 'learning_rate': 8.803139717425432e-07, 'epoch': 3.0}
{'eval_loss': 0.43314212560653687, 'eval_model_preparation_time': 0.0046, 'eval_cer': 0.07258995480248097, 'eval_runtime': 145.5486, 'eval_samples_per_second': 7.819, 'eval_steps_per_second': 0.495, 'epoch': 3.0}
{'loss': 0.2448, 'grad_norm': 15.55960464477539, 'learning_rate': 8.403139717425432e-07, 'epoch': 4.0}
{'eval_loss': 0.4193088710308075, 'eval_model_preparation_time': 0.0046, 'eval_cer': 0.07239429454694868, 'eval_runtime': 147.1463, 'eval_samples_per_second': 7.734, 'eval_steps_per_second': 0.489, 'epoch': 4.0}
{'loss': 0.2197, 'grad_norm': 12.572761535644531, 'learning_rate': 8.003139717425431e-07, 'epoch': 5.0}
{'eval_loss': 0.41414281725883484, 'eval_model_preparation_time': 0.0046, 'eval_cer': 0.07118120096264846, 'eval_runtime': 146.3044, 'eval_samples_per_second': 7.778, 'eval_steps_per_second': 0.492, 'epoch': 5.0}
{'loss': 0.1984, 'grad_norm': 11.930943489074707, 'learning_rate': 7.603139717425432e-07, 'epoch': 6.0}
{'eval_loss': 0.411855548620224, 'eval_model_preparation_time': 0.0046, 'eval_cer': 0.07069205032381773, 'eval_runtime': 148.2034, 'eval_samples_per_second': 7.679, 'eval_steps_per_second': 0.486, 'epoch': 6.0}
{'loss': 0.1816, 'grad_norm': 11.164412498474121, 'learning_rate': 7.203767660910518e-07, 'epoch': 7.0}
{'eval_loss': 0.40576738119125366, 'eval_model_preparation_time': 0.0046, 'eval_cer': 0.07272691698135358, 'eval_runtime': 152.6342, 'eval_samples_per_second': 7.456, 'eval_steps_per_second': 0.472, 'epoch': 7.0}
{'loss': 0.1676, 'grad_norm': 7.1229071617126465, 'learning_rate': 6.804395604395605e-07, 'epoch': 8.0}
{'eval_loss': 0.40603458881378174, 'eval_model_preparation_time': 0.0046, 'eval_cer': 0.06807020289968499, 'eval_runtime': 147.8514, 'eval_samples_per_second': 7.697, 'eval_steps_per_second': 0.487, 'epoch': 8.0}
{'loss': 0.1557, 'grad_norm': 8.427726745605469, 'learning_rate': 6.404395604395604e-07, 'epoch': 9.0}
{'eval_loss': 0.40398645401000977, 'eval_model_preparation_time': 0.0046, 'eval_cer': 0.07075074840047742, 'eval_runtime': 152.8698, 'eval_samples_per_second': 7.444, 'eval_steps_per_second': 0.471, 'epoch': 9.0}
{'loss': 0.1445, 'grad_norm': 49.51961898803711, 'learning_rate': 6.004395604395605e-07, 'epoch': 10.0}
{'eval_loss': 0.40386784076690674, 'eval_model_preparation_time': 0.0046, 'eval_cer': 0.0706137862216048, 'eval_runtime': 152.3834, 'eval_samples_per_second': 7.468, 'eval_steps_per_second': 0.472, 'epoch': 10.0}
{'loss': 0.1345, 'grad_norm': 6.208800792694092, 'learning_rate': 5.604395604395604e-07, 'epoch': 11.0}
{'eval_loss': 0.40452489256858826, 'eval_model_preparation_time': 0.0046, 'eval_cer': 0.07323563364573754, 'eval_runtime': 160.0843, 'eval_samples_per_second': 7.109, 'eval_steps_per_second': 0.45, 'epoch': 11.0}
{'loss': 0.1262, 'grad_norm': 8.487062454223633, 'learning_rate': 5.205023547880691e-07, 'epoch': 12.0}
{'eval_loss': 0.40172162652015686, 'eval_model_preparation_time': 0.0046, 'eval_cer': 0.06850065546185603, 'eval_runtime': 148.8967, 'eval_samples_per_second': 7.643, 'eval_steps_per_second': 0.484, 'epoch': 12.0}
{'loss': 0.1182, 'grad_norm': 32.437355041503906, 'learning_rate': 4.80502354788069e-07, 'epoch': 13.0}
{'eval_loss': 0.4017067849636078, 'eval_model_preparation_time': 0.0046, 'eval_cer': 0.06752235418419457, 'eval_runtime': 147.6624, 'eval_samples_per_second': 7.707, 'eval_steps_per_second': 0.488, 'epoch': 13.0}
{'loss': 0.1113, 'grad_norm': 9.145191192626953, 'learning_rate': 4.405023547880691e-07, 'epoch': 14.0}
{'eval_loss': 0.4056689441204071, 'eval_model_preparation_time': 0.0046, 'eval_cer': 0.06818759905300437, 'eval_runtime': 148.1046, 'eval_samples_per_second': 7.684, 'eval_steps_per_second': 0.486, 'epoch': 14.0}
{'loss': 0.1057, 'grad_norm': 7.8348517417907715, 'learning_rate': 4.0050235478806906e-07, 'epoch': 15.0}
{'eval_loss': 0.40532541275024414, 'eval_model_preparation_time': 0.0046, 'eval_cer': 0.06742452405642842, 'eval_runtime': 147.7245, 'eval_samples_per_second': 7.704, 'eval_steps_per_second': 0.487, 'epoch': 15.0}
{'loss': 0.1003, 'grad_norm': 9.013628959655762, 'learning_rate': 3.6050235478806907e-07, 'epoch': 16.0}
{'eval_loss': 0.4065895676612854, 'eval_model_preparation_time': 0.0046, 'eval_cer': 0.07022246571054022, 'eval_runtime': 151.799, 'eval_samples_per_second': 7.497, 'eval_steps_per_second': 0.474, 'epoch': 16.0}
{'loss': 0.0953, 'grad_norm': 6.323849201202393, 'learning_rate': 3.205023547880691e-07, 'epoch': 17.0}
{'eval_loss': 0.4040392339229584, 'eval_model_preparation_time': 0.0046, 'eval_cer': 0.06887240994736739, 'eval_runtime': 149.7987, 'eval_samples_per_second': 7.597, 'eval_steps_per_second': 0.481, 'epoch': 17.0}
{'loss': 0.0915, 'grad_norm': 10.494646072387695, 'learning_rate': 2.805651491365777e-07, 'epoch': 18.0}
{'eval_loss': 0.4088646173477173, 'eval_model_preparation_time': 0.0046, 'eval_cer': 0.0688137118707077, 'eval_runtime': 150.0673, 'eval_samples_per_second': 7.583, 'eval_steps_per_second': 0.48, 'epoch': 18.0}
{'loss': 0.0915, 'grad_norm': 7.373267650604248, 'learning_rate': 2.405651491365777e-07, 'epoch': 19.0}
{'eval_loss': 0.40492862462997437, 'eval_model_preparation_time': 0.0046, 'eval_cer': 0.06807020289968499, 'eval_runtime': 148.19, 'eval_samples_per_second': 7.679, 'eval_steps_per_second': 0.486, 'epoch': 19.0}
{'loss': 0.0879, 'grad_norm': 28.763608932495117, 'learning_rate': 2.0056514913657772e-07, 'epoch': 20.0}
{'eval_loss': 0.4063453674316406, 'eval_model_preparation_time': 0.0046, 'eval_cer': 0.06752235418419457, 'eval_runtime': 147.4996, 'eval_samples_per_second': 7.715, 'eval_steps_per_second': 0.488, 'epoch': 20.0}
{'loss': 0.0846, 'grad_norm': 8.711621284484863, 'learning_rate': 1.605651491365777e-07, 'epoch': 21.0}
{'eval_loss': 0.406088650226593, 'eval_model_preparation_time': 0.0046, 'eval_cer': 0.06664188303429924, 'eval_runtime': 147.433, 'eval_samples_per_second': 7.719, 'eval_steps_per_second': 0.488, 'epoch': 21.0}
{'loss': 0.0836, 'grad_norm': 4.445853233337402, 'learning_rate': 1.205651491365777e-07, 'epoch': 22.0}
{'eval_loss': 0.40741750597953796, 'eval_model_preparation_time': 0.0046, 'eval_cer': 0.06877457981960125, 'eval_runtime': 150.9215, 'eval_samples_per_second': 7.54, 'eval_steps_per_second': 0.477, 'epoch': 22.0}
{'loss': 0.0814, 'grad_norm': 4.238677024841309, 'learning_rate': 8.062794348508634e-08, 'epoch': 23.0}
{'eval_loss': 0.40690305829048157, 'eval_model_preparation_time': 0.0046, 'eval_cer': 0.06803107084857853, 'eval_runtime': 150.0072, 'eval_samples_per_second': 7.586, 'eval_steps_per_second': 0.48, 'epoch': 23.0}
{'loss': 0.0803, 'grad_norm': 5.057679653167725, 'learning_rate': 4.0627943485086336e-08, 'epoch': 24.0}
{'eval_loss': 0.40671002864837646, 'eval_model_preparation_time': 0.0046, 'eval_cer': 0.06959635289283687, 'eval_runtime': 151.4925, 'eval_samples_per_second': 7.512, 'eval_steps_per_second': 0.475, 'epoch': 24.0}
{'loss': 0.0794, 'grad_norm': 4.826391696929932, 'learning_rate': 6.279434850863422e-10, 'epoch': 25.0}
{'eval_loss': 0.40741676092147827, 'eval_model_preparation_time': 0.0046, 'eval_cer': 0.06842239135964312, 'eval_runtime': 149.6317, 'eval_samples_per_second': 7.605, 'eval_steps_per_second': 0.481, 'epoch': 25.0}
There were missing keys in the checkpoint model loaded: ['decoder.output_projection.weight'].
{'train_runtime': 11827.2128, 'train_samples_per_second': 21.535, 'train_steps_per_second': 1.346, 'train_loss': 0.1509442244070104, 'epoch': 25.0}
Best val CER for downscale_25: 0.0666
Finished Training for all degradation methods.
